  Determining projects to restore...
  All projects are up-to-date for restore.
  Zakarni.Core -> C:\Users\omarr\OneDrive\╪º┘ä┘à╪│╪¬┘å╪»╪º╪¬\Zakarni\Zakarni.Core\bin\Debug\net8.0-windows10.0.19041.0\Zakarni.Core.dll
C:\Users\omarr\OneDrive\╪º┘ä┘à╪│╪¬┘å╪»╪º╪¬\Zakarni\Zakarni.UI\ViewModels\SettingsViewModel.cs(22,41): warning MVVMTK0045: The field Zakarni.UI.ViewModels.SettingsViewModel._volume using [ObservableProperty] will generate code that is not AOT compatible in WinRT scenarios (such as UWP XAML and WinUI 3 apps), and a partial property should be used instead (as it allows the CsWinRT generators to correctly produce the necessary WinRT marshalling code) (https://aka.ms/mvvmtoolkit/errors/mvvmtk0045) [C:\Users\omarr\OneDrive\╪º┘ä┘à╪│╪¬┘å╪»╪º╪¬\Zakarni\Zakarni.UI\Zakarni.UI.csproj]
C:\Users\omarr\OneDrive\╪º┘ä┘à╪│╪¬┘å╪»╪º╪¬\Zakarni\Zakarni.UI\ViewModels\SettingsViewModel.cs(18,38): warning MVVMTK0045: The field Zakarni.UI.ViewModels.SettingsViewModel._calculationMethodIndex using [ObservableProperty] will generate code that is not AOT compatible in WinRT scenarios (such as UWP XAML and WinUI 3 apps), and a partial property should be used instead (as it allows the CsWinRT generators to correctly produce the necessary WinRT marshalling code) (https://aka.ms/mvvmtoolkit/errors/mvvmtk0045) [C:\Users\omarr\OneDrive\╪º┘ä┘à╪│╪¬┘å╪»╪º╪¬\Zakarni\Zakarni.UI\Zakarni.UI.csproj]
C:\Users\omarr\OneDrive\╪º┘ä┘à╪│╪¬┘å╪»╪º╪¬\Zakarni\Zakarni.UI\ViewModels\SettingsViewModel.cs(15,39): warning MVVMTK0045: The field Zakarni.UI.ViewModels.SettingsViewModel._autoDetectLocation using [ObservableProperty] will generate code that is not AOT compatible in WinRT scenarios (such as UWP XAML and WinUI 3 apps), and a partial property should be used instead (as it allows the CsWinRT generators to correctly produce the necessary WinRT marshalling code) (https://aka.ms/mvvmtoolkit/errors/mvvmtk0045) [C:\Users\omarr\OneDrive\╪º┘ä┘à╪│╪¬┘å╪»╪º╪¬\Zakarni\Zakarni.UI\Zakarni.UI.csproj]
C:\Users\omarr\OneDrive\╪º┘ä┘à╪│╪¬┘å╪»╪º╪¬\Zakarni\Zakarni.UI\ViewModels\SettingsViewModel.cs(24,39): warning MVVMTK0045: The field Zakarni.UI.ViewModels.SettingsViewModel._dhuhrEnabled using [ObservableProperty] will generate code that is not AOT compatible in WinRT scenarios (such as UWP XAML and WinUI 3 apps), and a partial property should be used instead (as it allows the CsWinRT generators to correctly produce the necessary WinRT marshalling code) (https://aka.ms/mvvmtoolkit/errors/mvvmtk0045) [C:\Users\omarr\OneDrive\╪º┘ä┘à╪│╪¬┘å╪»╪º╪¬\Zakarni\Zakarni.UI\Zakarni.UI.csproj]
C:\Users\omarr\OneDrive\╪º┘ä┘à╪│╪¬┘å╪»╪º╪¬\Zakarni\Zakarni.UI\ViewModels\SettingsViewModel.cs(19,38): warning MVVMTK0045: The field Zakarni.UI.ViewModels.SettingsViewModel._madhabIndex using [ObservableProperty] will generate code that is not AOT compatible in WinRT scenarios (such as UWP XAML and WinUI 3 apps), and a partial property should be used instead (as it allows the CsWinRT generators to correctly produce the necessary WinRT marshalling code) (https://aka.ms/mvvmtoolkit/errors/mvvmtk0045) [C:\Users\omarr\OneDrive\╪º┘ä┘à╪│╪¬┘å╪»╪º╪¬\Zakarni\Zakarni.UI\Zakarni.UI.csproj]
C:\Users\omarr\OneDrive\╪º┘ä┘à╪│╪¬┘å╪»╪º╪¬\Zakarni\Zakarni.UI\ViewModels\SettingsViewModel.cs(23,39): warning MVVMTK0045: The field Zakarni.UI.ViewModels.SettingsViewModel._fajrEnabled using [ObservableProperty] will generate code that is not AOT compatible in WinRT scenarios (such as UWP XAML and WinUI 3 apps), and a partial property should be used instead (as it allows the CsWinRT generators to correctly produce the necessary WinRT marshalling code) (https://aka.ms/mvvmtoolkit/errors/mvvmtk0045) [C:\Users\omarr\OneDrive\╪º┘ä┘à╪│╪¬┘å╪»╪º╪¬\Zakarni\Zakarni.UI\Zakarni.UI.csproj]
C:\Users\omarr\OneDrive\╪º┘ä┘à╪│╪¬┘å╪»╪º╪¬\Zakarni\Zakarni.UI\ViewModels\SettingsViewModel.cs(25,39): warning MVVMTK0045: The field Zakarni.UI.ViewModels.SettingsViewModel._asrEnabled using [ObservableProperty] will generate code that is not AOT compatible in WinRT scenarios (such as UWP XAML and WinUI 3 apps), and a partial property should be used instead (as it allows the CsWinRT generators to correctly produce the necessary WinRT marshalling code) (https://aka.ms/mvvmtoolkit/errors/mvvmtk0045) [C:\Users\omarr\OneDrive\╪º┘ä┘à╪│╪¬┘å╪»╪º╪¬\Zakarni\Zakarni.UI\Zakarni.UI.csproj]
C:\Users\omarr\OneDrive\╪º┘ä┘à╪│╪¬┘å╪»╪º╪¬\Zakarni\Zakarni.UI\ViewModels\SettingsViewModel.cs(26,39): warning MVVMTK0045: The field Zakarni.UI.ViewModels.SettingsViewModel._maghribEnabled using [ObservableProperty] will generate code that is not AOT compatible in WinRT scenarios (such as UWP XAML and WinUI 3 apps), and a partial property should be used instead (as it allows the CsWinRT generators to correctly produce the necessary WinRT marshalling code) (https://aka.ms/mvvmtoolkit/errors/mvvmtk0045) [C:\Users\omarr\OneDrive\╪º┘ä┘à╪│╪¬┘å╪»╪º╪¬\Zakarni\Zakarni.UI\Zakarni.UI.csproj]
C:\Users\omarr\OneDrive\╪º┘ä┘à╪│╪¬┘å╪»╪º╪¬\Zakarni\Zakarni.UI\ViewModels\SettingsViewModel.cs(32,38): warning MVVMTK0045: The field Zakarni.UI.ViewModels.SettingsViewModel._themeModeIndex using [ObservableProperty] will generate code that is not AOT compatible in WinRT scenarios (such as UWP XAML and WinUI 3 apps), and a partial property should be used instead (as it allows the CsWinRT generators to correctly produce the necessary WinRT marshalling code) (https://aka.ms/mvvmtoolkit/errors/mvvmtk0045) [C:\Users\omarr\OneDrive\╪º┘ä┘à╪│╪¬┘å╪»╪º╪¬\Zakarni\Zakarni.UI\Zakarni.UI.csproj]
C:\Users\omarr\OneDrive\╪º┘ä┘à╪│╪¬┘å╪»╪º╪¬\Zakarni\Zakarni.UI\ViewModels\SettingsViewModel.cs(30,39): warning MVVMTK0045: The field Zakarni.UI.ViewModels.SettingsViewModel._runAtStartup using [ObservableProperty] will generate code that is not AOT compatible in WinRT scenarios (such as UWP XAML and WinUI 3 apps), and a partial property should be used instead (as it allows the CsWinRT generators to correctly produce the necessary WinRT marshalling code) (https://aka.ms/mvvmtoolkit/errors/mvvmtk0045) [C:\Users\omarr\OneDrive\╪º┘ä┘à╪│╪¬┘å╪»╪º╪¬\Zakarni\Zakarni.UI\Zakarni.UI.csproj]
C:\Users\omarr\OneDrive\╪º┘ä┘à╪│╪¬┘å╪»╪º╪¬\Zakarni\Zakarni.UI\ViewModels\SettingsViewModel.cs(27,39): warning MVVMTK0045: The field Zakarni.UI.ViewModels.SettingsViewModel._ishaEnabled using [ObservableProperty] will generate code that is not AOT compatible in WinRT scenarios (such as UWP XAML and WinUI 3 apps), and a partial property should be used instead (as it allows the CsWinRT generators to correctly produce the necessary WinRT marshalling code) (https://aka.ms/mvvmtoolkit/errors/mvvmtk0045) [C:\Users\omarr\OneDrive\╪º┘ä┘à╪│╪¬┘å╪»╪º╪¬\Zakarni\Zakarni.UI\Zakarni.UI.csproj]
C:\Users\omarr\OneDrive\╪º┘ä┘à╪│╪¬┘å╪»╪º╪¬\Zakarni\Zakarni.UI\ViewModels\SettingsViewModel.cs(34,38): warning MVVMTK0045: The field Zakarni.UI.ViewModels.SettingsViewModel._languageIndex using [ObservableProperty] will generate code that is not AOT compatible in WinRT scenarios (such as UWP XAML and WinUI 3 apps), and a partial property should be used instead (as it allows the CsWinRT generators to correctly produce the necessary WinRT marshalling code) (https://aka.ms/mvvmtoolkit/errors/mvvmtk0045) [C:\Users\omarr\OneDrive\╪º┘ä┘à╪│╪¬┘å╪»╪º╪¬\Zakarni\Zakarni.UI\Zakarni.UI.csproj]
C:\Users\omarr\OneDrive\╪º┘ä┘à╪│╪¬┘å╪»╪º╪¬\Zakarni\Zakarni.UI\ViewModels\SettingsViewModel.cs(33,38): warning MVVMTK0045: The field Zakarni.UI.ViewModels.SettingsViewModel._widgetSideIndex using [ObservableProperty] will generate code that is not AOT compatible in WinRT scenarios (such as UWP XAML and WinUI 3 apps), and a partial property should be used instead (as it allows the CsWinRT generators to correctly produce the necessary WinRT marshalling code) (https://aka.ms/mvvmtoolkit/errors/mvvmtk0045) [C:\Users\omarr\OneDrive\╪º┘ä┘à╪│╪¬┘å╪»╪º╪¬\Zakarni\Zakarni.UI\Zakarni.UI.csproj]
C:\Users\omarr\OneDrive\╪º┘ä┘à╪│╪¬┘å╪»╪º╪¬\Zakarni\Zakarni.UI\ViewModels\SettingsViewModel.cs(31,39): warning MVVMTK0045: The field Zakarni.UI.ViewModels.SettingsViewModel._minimizeToTray using [ObservableProperty] will generate code that is not AOT compatible in WinRT scenarios (such as UWP XAML and WinUI 3 apps), and a partial property should be used instead (as it allows the CsWinRT generators to correctly produce the necessary WinRT marshalling code) (https://aka.ms/mvvmtoolkit/errors/mvvmtk0045) [C:\Users\omarr\OneDrive\╪º┘ä┘à╪│╪¬┘å╪»╪º╪¬\Zakarni\Zakarni.UI\Zakarni.UI.csproj]
C:\Users\omarr\OneDrive\╪º┘ä┘à╪│╪¬┘å╪»╪º╪¬\Zakarni\Zakarni.UI\ViewModels\MainViewModel.cs(33,41): warning MVVMTK0045: The field Zakarni.UI.ViewModels.MainViewModel._locationText using [ObservableProperty] will generate code that is not AOT compatible in WinRT scenarios (such as UWP XAML and WinUI 3 apps), and a partial property should be used instead (as it allows the CsWinRT generators to correctly produce the necessary WinRT marshalling code) (https://aka.ms/mvvmtoolkit/errors/mvvmtk0045) [C:\Users\omarr\OneDrive\╪º┘ä┘à╪│╪¬┘å╪»╪º╪¬\Zakarni\Zakarni.UI\Zakarni.UI.csproj]
C:\Users\omarr\OneDrive\╪º┘ä┘à╪│╪¬┘å╪»╪º╪¬\Zakarni\Zakarni.UI\ViewModels\MainViewModel.cs(30,39): warning MVVMTK0045: The field Zakarni.UI.ViewModels.MainViewModel._isSettingsViewVisible using [ObservableProperty] will generate code that is not AOT compatible in WinRT scenarios (such as UWP XAML and WinUI 3 apps), and a partial property should be used instead (as it allows the CsWinRT generators to correctly produce the necessary WinRT marshalling code) (https://aka.ms/mvvmtoolkit/errors/mvvmtk0045) [C:\Users\omarr\OneDrive\╪º┘ä┘à╪│╪¬┘å╪»╪º╪¬\Zakarni\Zakarni.UI\Zakarni.UI.csproj]
C:\Users\omarr\OneDrive\╪º┘ä┘à╪│╪¬┘å╪»╪º╪¬\Zakarni\Zakarni.UI\ViewModels\MainViewModel.cs(29,39): warning MVVMTK0045: The field Zakarni.UI.ViewModels.MainViewModel._isHomeViewVisible using [ObservableProperty] will generate code that is not AOT compatible in WinRT scenarios (such as UWP XAML and WinUI 3 apps), and a partial property should be used instead (as it allows the CsWinRT generators to correctly produce the necessary WinRT marshalling code) (https://aka.ms/mvvmtoolkit/errors/mvvmtk0045) [C:\Users\omarr\OneDrive\╪º┘ä┘à╪│╪¬┘å╪»╪º╪¬\Zakarni\Zakarni.UI\Zakarni.UI.csproj]
C:\Users\omarr\OneDrive\╪º┘ä┘à╪│╪¬┘å╪»╪º╪¬\Zakarni\Zakarni.UI\ViewModels\MainViewModel.cs(36,41): warning MVVMTK0045: The field Zakarni.UI.ViewModels.MainViewModel._currentIslamicDate using [ObservableProperty] will generate code that is not AOT compatible in WinRT scenarios (such as UWP XAML and WinUI 3 apps), and a partial property should be used instead (as it allows the CsWinRT generators to correctly produce the necessary WinRT marshalling code) (https://aka.ms/mvvmtoolkit/errors/mvvmtk0045) [C:\Users\omarr\OneDrive\╪º┘ä┘à╪│╪¬┘å╪»╪º╪¬\Zakarni\Zakarni.UI\Zakarni.UI.csproj]
C:\Users\omarr\OneDrive\╪º┘ä┘à╪│╪¬┘å╪»╪º╪¬\Zakarni\Zakarni.UI\ViewModels\MainViewModel.cs(35,41): warning MVVMTK0045: The field Zakarni.UI.ViewModels.MainViewModel._currentDate using [ObservableProperty] will generate code that is not AOT compatible in WinRT scenarios (such as UWP XAML and WinUI 3 apps), and a partial property should be used instead (as it allows the CsWinRT generators to correctly produce the necessary WinRT marshalling code) (https://aka.ms/mvvmtoolkit/errors/mvvmtk0045) [C:\Users\omarr\OneDrive\╪º┘ä┘à╪│╪¬┘å╪»╪º╪¬\Zakarni\Zakarni.UI\Zakarni.UI.csproj]
C:\Users\omarr\OneDrive\╪º┘ä┘à╪│╪¬┘å╪»╪º╪¬\Zakarni\Zakarni.UI\ViewModels\MainViewModel.cs(34,41): warning MVVMTK0045: The field Zakarni.UI.ViewModels.MainViewModel._currentTime using [ObservableProperty] will generate code that is not AOT compatible in WinRT scenarios (such as UWP XAML and WinUI 3 apps), and a partial property should be used instead (as it allows the CsWinRT generators to correctly produce the necessary WinRT marshalling code) (https://aka.ms/mvvmtoolkit/errors/mvvmtk0045) [C:\Users\omarr\OneDrive\╪º┘ä┘à╪│╪¬┘å╪»╪º╪¬\Zakarni\Zakarni.UI\Zakarni.UI.csproj]
C:\Users\omarr\OneDrive\╪º┘ä┘à╪│╪¬┘å╪»╪º╪¬\Zakarni\Zakarni.UI\ViewModels\MainViewModel.cs(39,41): warning MVVMTK0045: The field Zakarni.UI.ViewModels.MainViewModel._nextPrayerName using [ObservableProperty] will generate code that is not AOT compatible in WinRT scenarios (such as UWP XAML and WinUI 3 apps), and a partial property should be used instead (as it allows the CsWinRT generators to correctly produce the necessary WinRT marshalling code) (https://aka.ms/mvvmtoolkit/errors/mvvmtk0045) [C:\Users\omarr\OneDrive\╪º┘ä┘à╪│╪¬┘å╪»╪º╪¬\Zakarni\Zakarni.UI\Zakarni.UI.csproj]
C:\Users\omarr\OneDrive\╪º┘ä┘à╪│╪¬┘å╪»╪º╪¬\Zakarni\Zakarni.UI\ViewModels\MainViewModel.cs(40,41): warning MVVMTK0045: The field Zakarni.UI.ViewModels.MainViewModel._timeRemaining using [ObservableProperty] will generate code that is not AOT compatible in WinRT scenarios (such as UWP XAML and WinUI 3 apps), and a partial property should be used instead (as it allows the CsWinRT generators to correctly produce the necessary WinRT marshalling code) (https://aka.ms/mvvmtoolkit/errors/mvvmtk0045) [C:\Users\omarr\OneDrive\╪º┘ä┘à╪│╪¬┘å╪»╪º╪¬\Zakarni\Zakarni.UI\Zakarni.UI.csproj]
C:\Users\omarr\OneDrive\╪º┘ä┘à╪│╪¬┘å╪»╪º╪¬\Zakarni\Zakarni.UI\ViewModels\MainViewModel.cs(41,41): warning MVVMTK0045: The field Zakarni.UI.ViewModels.MainViewModel._statusText using [ObservableProperty] will generate code that is not AOT compatible in WinRT scenarios (such as UWP XAML and WinUI 3 apps), and a partial property should be used instead (as it allows the CsWinRT generators to correctly produce the necessary WinRT marshalling code) (https://aka.ms/mvvmtoolkit/errors/mvvmtk0045) [C:\Users\omarr\OneDrive\╪º┘ä┘à╪│╪¬┘å╪»╪º╪¬\Zakarni\Zakarni.UI\Zakarni.UI.csproj]
C:\Users\omarr\OneDrive\╪º┘ä┘à╪│╪¬┘å╪»╪º╪¬\Zakarni\Zakarni.UI\ViewModels\MainViewModel.cs(42,39): warning MVVMTK0045: The field Zakarni.UI.ViewModels.MainViewModel._isApproaching using [ObservableProperty] will generate code that is not AOT compatible in WinRT scenarios (such as UWP XAML and WinUI 3 apps), and a partial property should be used instead (as it allows the CsWinRT generators to correctly produce the necessary WinRT marshalling code) (https://aka.ms/mvvmtoolkit/errors/mvvmtk0045) [C:\Users\omarr\OneDrive\╪º┘ä┘à╪│╪¬┘å╪»╪º╪¬\Zakarni\Zakarni.UI\Zakarni.UI.csproj]
C:\Users\omarr\OneDrive\╪º┘ä┘à╪│╪¬┘å╪»╪º╪¬\Zakarni\Zakarni.UI\ViewModels\MainViewModel.cs(43,41): warning MVVMTK0045: The field Zakarni.UI.ViewModels.MainViewModel._heroProgressValue using [ObservableProperty] will generate code that is not AOT compatible in WinRT scenarios (such as UWP XAML and WinUI 3 apps), and a partial property should be used instead (as it allows the CsWinRT generators to correctly produce the necessary WinRT marshalling code) (https://aka.ms/mvvmtoolkit/errors/mvvmtk0045) [C:\Users\omarr\OneDrive\╪º┘ä┘à╪│╪¬┘å╪»╪º╪¬\Zakarni\Zakarni.UI\Zakarni.UI.csproj]
C:\Users\omarr\OneDrive\╪º┘ä┘à╪│╪¬┘å╪»╪º╪¬\Zakarni\Zakarni.UI\ViewModels\MainViewModel.cs(44,41): warning MVVMTK0045: The field Zakarni.UI.ViewModels.MainViewModel._heroProgressMax using [ObservableProperty] will generate code that is not AOT compatible in WinRT scenarios (such as UWP XAML and WinUI 3 apps), and a partial property should be used instead (as it allows the CsWinRT generators to correctly produce the necessary WinRT marshalling code) (https://aka.ms/mvvmtoolkit/errors/mvvmtk0045) [C:\Users\omarr\OneDrive\╪º┘ä┘à╪│╪¬┘å╪»╪º╪¬\Zakarni\Zakarni.UI\Zakarni.UI.csproj]
C:\Users\omarr\OneDrive\╪º┘ä┘à╪│╪¬┘å╪»╪º╪¬\Zakarni\Zakarni.UI\ViewModels\MainViewModel.cs(47,41): warning MVVMTK0045: The field Zakarni.UI.ViewModels.MainViewModel._fajrTime using [ObservableProperty] will generate code that is not AOT compatible in WinRT scenarios (such as UWP XAML and WinUI 3 apps), and a partial property should be used instead (as it allows the CsWinRT generators to correctly produce the necessary WinRT marshalling code) (https://aka.ms/mvvmtoolkit/errors/mvvmtk0045) [C:\Users\omarr\OneDrive\╪º┘ä┘à╪│╪¬┘å╪»╪º╪¬\Zakarni\Zakarni.UI\Zakarni.UI.csproj]
C:\Users\omarr\OneDrive\╪º┘ä┘à╪│╪¬┘å╪»╪º╪¬\Zakarni\Zakarni.UI\ViewModels\MainViewModel.cs(48,41): warning MVVMTK0045: The field Zakarni.UI.ViewModels.MainViewModel._sunriseTime using [ObservableProperty] will generate code that is not AOT compatible in WinRT scenarios (such as UWP XAML and WinUI 3 apps), and a partial property should be used instead (as it allows the CsWinRT generators to correctly produce the necessary WinRT marshalling code) (https://aka.ms/mvvmtoolkit/errors/mvvmtk0045) [C:\Users\omarr\OneDrive\╪º┘ä┘à╪│╪¬┘å╪»╪º╪¬\Zakarni\Zakarni.UI\Zakarni.UI.csproj]
C:\Users\omarr\OneDrive\╪º┘ä┘à╪│╪¬┘å╪»╪º╪¬\Zakarni\Zakarni.UI\ViewModels\MainViewModel.cs(49,41): warning MVVMTK0045: The field Zakarni.UI.ViewModels.MainViewModel._dhuhrTime using [ObservableProperty] will generate code that is not AOT compatible in WinRT scenarios (such as UWP XAML and WinUI 3 apps), and a partial property should be used instead (as it allows the CsWinRT generators to correctly produce the necessary WinRT marshalling code) (https://aka.ms/mvvmtoolkit/errors/mvvmtk0045) [C:\Users\omarr\OneDrive\╪º┘ä┘à╪│╪¬┘å╪»╪º╪¬\Zakarni\Zakarni.UI\Zakarni.UI.csproj]
C:\Users\omarr\OneDrive\╪º┘ä┘à╪│╪¬┘å╪»╪º╪¬\Zakarni\Zakarni.UI\ViewModels\MainViewModel.cs(50,41): warning MVVMTK0045: The field Zakarni.UI.ViewModels.MainViewModel._asrTime using [ObservableProperty] will generate code that is not AOT compatible in WinRT scenarios (such as UWP XAML and WinUI 3 apps), and a partial property should be used instead (as it allows the CsWinRT generators to correctly produce the necessary WinRT marshalling code) (https://aka.ms/mvvmtoolkit/errors/mvvmtk0045) [C:\Users\omarr\OneDrive\╪º┘ä┘à╪│╪¬┘å╪»╪º╪¬\Zakarni\Zakarni.UI\Zakarni.UI.csproj]
C:\Users\omarr\OneDrive\╪º┘ä┘à╪│╪¬┘å╪»╪º╪¬\Zakarni\Zakarni.UI\ViewModels\MainViewModel.cs(51,41): warning MVVMTK0045: The field Zakarni.UI.ViewModels.MainViewModel._maghribTime using [ObservableProperty] will generate code that is not AOT compatible in WinRT scenarios (such as UWP XAML and WinUI 3 apps), and a partial property should be used instead (as it allows the CsWinRT generators to correctly produce the necessary WinRT marshalling code) (https://aka.ms/mvvmtoolkit/errors/mvvmtk0045) [C:\Users\omarr\OneDrive\╪º┘ä┘à╪│╪¬┘å╪»╪º╪¬\Zakarni\Zakarni.UI\Zakarni.UI.csproj]
C:\Users\omarr\OneDrive\╪º┘ä┘à╪│╪¬┘å╪»╪º╪¬\Zakarni\Zakarni.UI\ViewModels\MainViewModel.cs(52,41): warning MVVMTK0045: The field Zakarni.UI.ViewModels.MainViewModel._ishaTime using [ObservableProperty] will generate code that is not AOT compatible in WinRT scenarios (such as UWP XAML and WinUI 3 apps), and a partial property should be used instead (as it allows the CsWinRT generators to correctly produce the necessary WinRT marshalling code) (https://aka.ms/mvvmtoolkit/errors/mvvmtk0045) [C:\Users\omarr\OneDrive\╪º┘ä┘à╪│╪¬┘å╪»╪º╪¬\Zakarni\Zakarni.UI\Zakarni.UI.csproj]
C:\Users\omarr\OneDrive\╪º┘ä┘à╪│╪¬┘å╪»╪º╪¬\Zakarni\Zakarni.UI\ViewModels\MainViewModel.cs(55,41): warning MVVMTK0045: The field Zakarni.UI.ViewModels.MainViewModel._fajrText using [ObservableProperty] will generate code that is not AOT compatible in WinRT scenarios (such as UWP XAML and WinUI 3 apps), and a partial property should be used instead (as it allows the CsWinRT generators to correctly produce the necessary WinRT marshalling code) (https://aka.ms/mvvmtoolkit/errors/mvvmtk0045) [C:\Users\omarr\OneDrive\╪º┘ä┘à╪│╪¬┘å╪»╪º╪¬\Zakarni\Zakarni.UI\Zakarni.UI.csproj]
C:\Users\omarr\OneDrive\╪º┘ä┘à╪│╪¬┘å╪»╪º╪¬\Zakarni\Zakarni.UI\ViewModels\MainViewModel.cs(56,41): warning MVVMTK0045: The field Zakarni.UI.ViewModels.MainViewModel._sunriseText using [ObservableProperty] will generate code that is not AOT compatible in WinRT scenarios (such as UWP XAML and WinUI 3 apps), and a partial property should be used instead (as it allows the CsWinRT generators to correctly produce the necessary WinRT marshalling code) (https://aka.ms/mvvmtoolkit/errors/mvvmtk0045) [C:\Users\omarr\OneDrive\╪º┘ä┘à╪│╪¬┘å╪»╪º╪¬\Zakarni\Zakarni.UI\Zakarni.UI.csproj]
C:\Users\omarr\OneDrive\╪º┘ä┘à╪│╪¬┘å╪»╪º╪¬\Zakarni\Zakarni.UI\ViewModels\MainViewModel.cs(57,41): warning MVVMTK0045: The field Zakarni.UI.ViewModels.MainViewModel._dhuhrText using [ObservableProperty] will generate code that is not AOT compatible in WinRT scenarios (such as UWP XAML and WinUI 3 apps), and a partial property should be used instead (as it allows the CsWinRT generators to correctly produce the necessary WinRT marshalling code) (https://aka.ms/mvvmtoolkit/errors/mvvmtk0045) [C:\Users\omarr\OneDrive\╪º┘ä┘à╪│╪¬┘å╪»╪º╪¬\Zakarni\Zakarni.UI\Zakarni.UI.csproj]
C:\Users\omarr\OneDrive\╪º┘ä┘à╪│╪¬┘å╪»╪º╪¬\Zakarni\Zakarni.UI\ViewModels\MainViewModel.cs(58,41): warning MVVMTK0045: The field Zakarni.UI.ViewModels.MainViewModel._asrText using [ObservableProperty] will generate code that is not AOT compatible in WinRT scenarios (such as UWP XAML and WinUI 3 apps), and a partial property should be used instead (as it allows the CsWinRT generators to correctly produce the necessary WinRT marshalling code) (https://aka.ms/mvvmtoolkit/errors/mvvmtk0045) [C:\Users\omarr\OneDrive\╪º┘ä┘à╪│╪¬┘å╪»╪º╪¬\Zakarni\Zakarni.UI\Zakarni.UI.csproj]
C:\Users\omarr\OneDrive\╪º┘ä┘à╪│╪¬┘å╪»╪º╪¬\Zakarni\Zakarni.UI\ViewModels\MainViewModel.cs(59,41): warning MVVMTK0045: The field Zakarni.UI.ViewModels.MainViewModel._maghribText using [ObservableProperty] will generate code that is not AOT compatible in WinRT scenarios (such as UWP XAML and WinUI 3 apps), and a partial property should be used instead (as it allows the CsWinRT generators to correctly produce the necessary WinRT marshalling code) (https://aka.ms/mvvmtoolkit/errors/mvvmtk0045) [C:\Users\omarr\OneDrive\╪º┘ä┘à╪│╪¬┘å╪»╪º╪¬\Zakarni\Zakarni.UI\Zakarni.UI.csproj]
C:\Users\omarr\OneDrive\╪º┘ä┘à╪│╪¬┘å╪»╪º╪¬\Zakarni\Zakarni.UI\ViewModels\MainViewModel.cs(60,41): warning MVVMTK0045: The field Zakarni.UI.ViewModels.MainViewModel._ishaText using [ObservableProperty] will generate code that is not AOT compatible in WinRT scenarios (such as UWP XAML and WinUI 3 apps), and a partial property should be used instead (as it allows the CsWinRT generators to correctly produce the necessary WinRT marshalling code) (https://aka.ms/mvvmtoolkit/errors/mvvmtk0045) [C:\Users\omarr\OneDrive\╪º┘ä┘à╪│╪¬┘å╪»╪º╪¬\Zakarni\Zakarni.UI\Zakarni.UI.csproj]
C:\Users\omarr\OneDrive\╪º┘ä┘à╪│╪¬┘å╪»╪º╪¬\Zakarni\Zakarni.UI\ViewModels\MainViewModel.cs(63,41): warning MVVMTK0045: The field Zakarni.UI.ViewModels.MainViewModel._activePrayer using [ObservableProperty] will generate code that is not AOT compatible in WinRT scenarios (such as UWP XAML and WinUI 3 apps), and a partial property should be used instead (as it allows the CsWinRT generators to correctly produce the necessary WinRT marshalling code) (https://aka.ms/mvvmtoolkit/errors/mvvmtk0045) [C:\Users\omarr\OneDrive\╪º┘ä┘à╪│╪¬┘å╪»╪º╪¬\Zakarni\Zakarni.UI\Zakarni.UI.csproj]
C:\Users\omarr\OneDrive\╪º┘ä┘à╪│╪¬┘å╪»╪º╪¬\Zakarni\Zakarni.UI\ViewModels\MainViewModel.cs(65,39): warning MVVMTK0045: The field Zakarni.UI.ViewModels.MainViewModel._isFajrActive using [ObservableProperty] will generate code that is not AOT compatible in WinRT scenarios (such as UWP XAML and WinUI 3 apps), and a partial property should be used instead (as it allows the CsWinRT generators to correctly produce the necessary WinRT marshalling code) (https://aka.ms/mvvmtoolkit/errors/mvvmtk0045) [C:\Users\omarr\OneDrive\╪º┘ä┘à╪│╪¬┘å╪»╪º╪¬\Zakarni\Zakarni.UI\Zakarni.UI.csproj]
C:\Users\omarr\OneDrive\╪º┘ä┘à╪│╪¬┘å╪»╪º╪¬\Zakarni\Zakarni.UI\ViewModels\MainViewModel.cs(66,39): warning MVVMTK0045: The field Zakarni.UI.ViewModels.MainViewModel._isSunriseActive using [ObservableProperty] will generate code that is not AOT compatible in WinRT scenarios (such as UWP XAML and WinUI 3 apps), and a partial property should be used instead (as it allows the CsWinRT generators to correctly produce the necessary WinRT marshalling code) (https://aka.ms/mvvmtoolkit/errors/mvvmtk0045) [C:\Users\omarr\OneDrive\╪º┘ä┘à╪│╪¬┘å╪»╪º╪¬\Zakarni\Zakarni.UI\Zakarni.UI.csproj]
C:\Users\omarr\OneDrive\╪º┘ä┘à╪│╪¬┘å╪»╪º╪¬\Zakarni\Zakarni.UI\ViewModels\MainViewModel.cs(68,39): warning MVVMTK0045: The field Zakarni.UI.ViewModels.MainViewModel._isAsrActive using [ObservableProperty] will generate code that is not AOT compatible in WinRT scenarios (such as UWP XAML and WinUI 3 apps), and a partial property should be used instead (as it allows the CsWinRT generators to correctly produce the necessary WinRT marshalling code) (https://aka.ms/mvvmtoolkit/errors/mvvmtk0045) [C:\Users\omarr\OneDrive\╪º┘ä┘à╪│╪¬┘å╪»╪º╪¬\Zakarni\Zakarni.UI\Zakarni.UI.csproj]
C:\Users\omarr\OneDrive\╪º┘ä┘à╪│╪¬┘å╪»╪º╪¬\Zakarni\Zakarni.UI\ViewModels\MainViewModel.cs(69,39): warning MVVMTK0045: The field Zakarni.UI.ViewModels.MainViewModel._isMaghribActive using [ObservableProperty] will generate code that is not AOT compatible in WinRT scenarios (such as UWP XAML and WinUI 3 apps), and a partial property should be used instead (as it allows the CsWinRT generators to correctly produce the necessary WinRT marshalling code) (https://aka.ms/mvvmtoolkit/errors/mvvmtk0045) [C:\Users\omarr\OneDrive\╪º┘ä┘à╪│╪¬┘å╪»╪º╪¬\Zakarni\Zakarni.UI\Zakarni.UI.csproj]
C:\Users\omarr\OneDrive\╪º┘ä┘à╪│╪¬┘å╪»╪º╪¬\Zakarni\Zakarni.UI\ViewModels\MainViewModel.cs(70,39): warning MVVMTK0045: The field Zakarni.UI.ViewModels.MainViewModel._isIshaActive using [ObservableProperty] will generate code that is not AOT compatible in WinRT scenarios (such as UWP XAML and WinUI 3 apps), and a partial property should be used instead (as it allows the CsWinRT generators to correctly produce the necessary WinRT marshalling code) (https://aka.ms/mvvmtoolkit/errors/mvvmtk0045) [C:\Users\omarr\OneDrive\╪º┘ä┘à╪│╪¬┘å╪»╪º╪¬\Zakarni\Zakarni.UI\Zakarni.UI.csproj]
C:\Users\omarr\OneDrive\╪º┘ä┘à╪│╪¬┘å╪»╪º╪¬\Zakarni\Zakarni.UI\ViewModels\MainViewModel.cs(67,39): warning MVVMTK0045: The field Zakarni.UI.ViewModels.MainViewModel._isDhuhrActive using [ObservableProperty] will generate code that is not AOT compatible in WinRT scenarios (such as UWP XAML and WinUI 3 apps), and a partial property should be used instead (as it allows the CsWinRT generators to correctly produce the necessary WinRT marshalling code) (https://aka.ms/mvvmtoolkit/errors/mvvmtk0045) [C:\Users\omarr\OneDrive\╪º┘ä┘à╪│╪¬┘å╪»╪º╪¬\Zakarni\Zakarni.UI\Zakarni.UI.csproj]
C:\Users\omarr\OneDrive\╪º┘ä┘à╪│╪¬┘å╪»╪º╪¬\Zakarni\Zakarni.UI\ViewModels\MainViewModel.cs(73,39): warning MVVMTK0045: The field Zakarni.UI.ViewModels.MainViewModel._isOffline using [ObservableProperty] will generate code that is not AOT compatible in WinRT scenarios (such as UWP XAML and WinUI 3 apps), and a partial property should be used instead (as it allows the CsWinRT generators to correctly produce the necessary WinRT marshalling code) (https://aka.ms/mvvmtoolkit/errors/mvvmtk0045) [C:\Users\omarr\OneDrive\╪º┘ä┘à╪│╪¬┘å╪»╪º╪¬\Zakarni\Zakarni.UI\Zakarni.UI.csproj]
  Zakarni.UI -> C:\Users\omarr\OneDrive\╪º┘ä┘à╪│╪¬┘å╪»╪º╪¬\Zakarni\Zakarni.UI\bin\Debug\net8.0-windows10.0.19041.0\win-x64\Zakarni.UI.dll

Build succeeded.

C:\Users\omarr\OneDrive\╪º┘ä┘à╪│╪¬┘å╪»╪º╪¬\Zakarni\Zakarni.UI\ViewModels\SettingsViewModel.cs(22,41): warning MVVMTK0045: The field Zakarni.UI.ViewModels.SettingsViewModel._volume using [ObservableProperty] will generate code that is not AOT compatible in WinRT scenarios (such as UWP XAML and WinUI 3 apps), and a partial property should be used instead (as it allows the CsWinRT generators to correctly produce the necessary WinRT marshalling code) (https://aka.ms/mvvmtoolkit/errors/mvvmtk0045) [C:\Users\omarr\OneDrive\╪º┘ä┘à╪│╪¬┘å╪»╪º╪¬\Zakarni\Zakarni.UI\Zakarni.UI.csproj]
C:\Users\omarr\OneDrive\╪º┘ä┘à╪│╪¬┘å╪»╪º╪¬\Zakarni\Zakarni.UI\ViewModels\SettingsViewModel.cs(18,38): warning MVVMTK0045: The field Zakarni.UI.ViewModels.SettingsViewModel._calculationMethodIndex using [ObservableProperty] will generate code that is not AOT compatible in WinRT scenarios (such as UWP XAML and WinUI 3 apps), and a partial property should be used instead (as it allows the CsWinRT generators to correctly produce the necessary WinRT marshalling code) (https://aka.ms/mvvmtoolkit/errors/mvvmtk0045) [C:\Users\omarr\OneDrive\╪º┘ä┘à╪│╪¬┘å╪»╪º╪¬\Zakarni\Zakarni.UI\Zakarni.UI.csproj]
C:\Users\omarr\OneDrive\╪º┘ä┘à╪│╪¬┘å╪»╪º╪¬\Zakarni\Zakarni.UI\ViewModels\SettingsViewModel.cs(15,39): warning MVVMTK0045: The field Zakarni.UI.ViewModels.SettingsViewModel._autoDetectLocation using [ObservableProperty] will generate code that is not AOT compatible in WinRT scenarios (such as UWP XAML and WinUI 3 apps), and a partial property should be used instead (as it allows the CsWinRT generators to correctly produce the necessary WinRT marshalling code) (https://aka.ms/mvvmtoolkit/errors/mvvmtk0045) [C:\Users\omarr\OneDrive\╪º┘ä┘à╪│╪¬┘å╪»╪º╪¬\Zakarni\Zakarni.UI\Zakarni.UI.csproj]
C:\Users\omarr\OneDrive\╪º┘ä┘à╪│╪¬┘å╪»╪º╪¬\Zakarni\Zakarni.UI\ViewModels\SettingsViewModel.cs(24,39): warning MVVMTK0045: The field Zakarni.UI.ViewModels.SettingsViewModel._dhuhrEnabled using [ObservableProperty] will generate code that is not AOT compatible in WinRT scenarios (such as UWP XAML and WinUI 3 apps), and a partial property should be used instead (as it allows the CsWinRT generators to correctly produce the necessary WinRT marshalling code) (https://aka.ms/mvvmtoolkit/errors/mvvmtk0045) [C:\Users\omarr\OneDrive\╪º┘ä┘à╪│╪¬┘å╪»╪º╪¬\Zakarni\Zakarni.UI\Zakarni.UI.csproj]
C:\Users\omarr\OneDrive\╪º┘ä┘à╪│╪¬┘å╪»╪º╪¬\Zakarni\Zakarni.UI\ViewModels\SettingsViewModel.cs(19,38): warning MVVMTK0045: The field Zakarni.UI.ViewModels.SettingsViewModel._madhabIndex using [ObservableProperty] will generate code that is not AOT compatible in WinRT scenarios (such as UWP XAML and WinUI 3 apps), and a partial property should be used instead (as it allows the CsWinRT generators to correctly produce the necessary WinRT marshalling code) (https://aka.ms/mvvmtoolkit/errors/mvvmtk0045) [C:\Users\omarr\OneDrive\╪º┘ä┘à╪│╪¬┘å╪»╪º╪¬\Zakarni\Zakarni.UI\Zakarni.UI.csproj]
C:\Users\omarr\OneDrive\╪º┘ä┘à╪│╪¬┘å╪»╪º╪¬\Zakarni\Zakarni.UI\ViewModels\SettingsViewModel.cs(23,39): warning MVVMTK0045: The field Zakarni.UI.ViewModels.SettingsViewModel._fajrEnabled using [ObservableProperty] will generate code that is not AOT compatible in WinRT scenarios (such as UWP XAML and WinUI 3 apps), and a partial property should be used instead (as it allows the CsWinRT generators to correctly produce the necessary WinRT marshalling code) (https://aka.ms/mvvmtoolkit/errors/mvvmtk0045) [C:\Users\omarr\OneDrive\╪º┘ä┘à╪│╪¬┘å╪»╪º╪¬\Zakarni\Zakarni.UI\Zakarni.UI.csproj]
C:\Users\omarr\OneDrive\╪º┘ä┘à╪│╪¬┘å╪»╪º╪¬\Zakarni\Zakarni.UI\ViewModels\SettingsViewModel.cs(25,39): warning MVVMTK0045: The field Zakarni.UI.ViewModels.SettingsViewModel._asrEnabled using [ObservableProperty] will generate code that is not AOT compatible in WinRT scenarios (such as UWP XAML and WinUI 3 apps), and a partial property should be used instead (as it allows the CsWinRT generators to correctly produce the necessary WinRT marshalling code) (https://aka.ms/mvvmtoolkit/errors/mvvmtk0045) [C:\Users\omarr\OneDrive\╪º┘ä┘à╪│╪¬┘å╪»╪º╪¬\Zakarni\Zakarni.UI\Zakarni.UI.csproj]
C:\Users\omarr\OneDrive\╪º┘ä┘à╪│╪¬┘å╪»╪º╪¬\Zakarni\Zakarni.UI\ViewModels\SettingsViewModel.cs(26,39): warning MVVMTK0045: The field Zakarni.UI.ViewModels.SettingsViewModel._maghribEnabled using [ObservableProperty] will generate code that is not AOT compatible in WinRT scenarios (such as UWP XAML and WinUI 3 apps), and a partial property should be used instead (as it allows the CsWinRT generators to correctly produce the necessary WinRT marshalling code) (https://aka.ms/mvvmtoolkit/errors/mvvmtk0045) [C:\Users\omarr\OneDrive\╪º┘ä┘à╪│╪¬┘å╪»╪º╪¬\Zakarni\Zakarni.UI\Zakarni.UI.csproj]
C:\Users\omarr\OneDrive\╪º┘ä┘à╪│╪¬┘å╪»╪º╪¬\Zakarni\Zakarni.UI\ViewModels\SettingsViewModel.cs(32,38): warning MVVMTK0045: The field Zakarni.UI.ViewModels.SettingsViewModel._themeModeIndex using [ObservableProperty] will generate code that is not AOT compatible in WinRT scenarios (such as UWP XAML and WinUI 3 apps), and a partial property should be used instead (as it allows the CsWinRT generators to correctly produce the necessary WinRT marshalling code) (https://aka.ms/mvvmtoolkit/errors/mvvmtk0045) [C:\Users\omarr\OneDrive\╪º┘ä┘à╪│╪¬┘å╪»╪º╪¬\Zakarni\Zakarni.UI\Zakarni.UI.csproj]
C:\Users\omarr\OneDrive\╪º┘ä┘à╪│╪¬┘å╪»╪º╪¬\Zakarni\Zakarni.UI\ViewModels\SettingsViewModel.cs(30,39): warning MVVMTK0045: The field Zakarni.UI.ViewModels.SettingsViewModel._runAtStartup using [ObservableProperty] will generate code that is not AOT compatible in WinRT scenarios (such as UWP XAML and WinUI 3 apps), and a partial property should be used instead (as it allows the CsWinRT generators to correctly produce the necessary WinRT marshalling code) (https://aka.ms/mvvmtoolkit/errors/mvvmtk0045) [C:\Users\omarr\OneDrive\╪º┘ä┘à╪│╪¬┘å╪»╪º╪¬\Zakarni\Zakarni.UI\Zakarni.UI.csproj]
C:\Users\omarr\OneDrive\╪º┘ä┘à╪│╪¬┘å╪»╪º╪¬\Zakarni\Zakarni.UI\ViewModels\SettingsViewModel.cs(27,39): warning MVVMTK0045: The field Zakarni.UI.ViewModels.SettingsViewModel._ishaEnabled using [ObservableProperty] will generate code that is not AOT compatible in WinRT scenarios (such as UWP XAML and WinUI 3 apps), and a partial property should be used instead (as it allows the CsWinRT generators to correctly produce the necessary WinRT marshalling code) (https://aka.ms/mvvmtoolkit/errors/mvvmtk0045) [C:\Users\omarr\OneDrive\╪º┘ä┘à╪│╪¬┘å╪»╪º╪¬\Zakarni\Zakarni.UI\Zakarni.UI.csproj]
C:\Users\omarr\OneDrive\╪º┘ä┘à╪│╪¬┘å╪»╪º╪¬\Zakarni\Zakarni.UI\ViewModels\SettingsViewModel.cs(34,38): warning MVVMTK0045: The field Zakarni.UI.ViewModels.SettingsViewModel._languageIndex using [ObservableProperty] will generate code that is not AOT compatible in WinRT scenarios (such as UWP XAML and WinUI 3 apps), and a partial property should be used instead (as it allows the CsWinRT generators to correctly produce the necessary WinRT marshalling code) (https://aka.ms/mvvmtoolkit/errors/mvvmtk0045) [C:\Users\omarr\OneDrive\╪º┘ä┘à╪│╪¬┘å╪»╪º╪¬\Zakarni\Zakarni.UI\Zakarni.UI.csproj]
C:\Users\omarr\OneDrive\╪º┘ä┘à╪│╪¬┘å╪»╪º╪¬\Zakarni\Zakarni.UI\ViewModels\SettingsViewModel.cs(33,38): warning MVVMTK0045: The field Zakarni.UI.ViewModels.SettingsViewModel._widgetSideIndex using [ObservableProperty] will generate code that is not AOT compatible in WinRT scenarios (such as UWP XAML and WinUI 3 apps), and a partial property should be used instead (as it allows the CsWinRT generators to correctly produce the necessary WinRT marshalling code) (https://aka.ms/mvvmtoolkit/errors/mvvmtk0045) [C:\Users\omarr\OneDrive\╪º┘ä┘à╪│╪¬┘å╪»╪º╪¬\Zakarni\Zakarni.UI\Zakarni.UI.csproj]
C:\Users\omarr\OneDrive\╪º┘ä┘à╪│╪¬┘å╪»╪º╪¬\Zakarni\Zakarni.UI\ViewModels\SettingsViewModel.cs(31,39): warning MVVMTK0045: The field Zakarni.UI.ViewModels.SettingsViewModel._minimizeToTray using [ObservableProperty] will generate code that is not AOT compatible in WinRT scenarios (such as UWP XAML and WinUI 3 apps), and a partial property should be used instead (as it allows the CsWinRT generators to correctly produce the necessary WinRT marshalling code) (https://aka.ms/mvvmtoolkit/errors/mvvmtk0045) [C:\Users\omarr\OneDrive\╪º┘ä┘à╪│╪¬┘å╪»╪º╪¬\Zakarni\Zakarni.UI\Zakarni.UI.csproj]
C:\Users\omarr\OneDrive\╪º┘ä┘à╪│╪¬┘å╪»╪º╪¬\Zakarni\Zakarni.UI\ViewModels\MainViewModel.cs(33,41): warning MVVMTK0045: The field Zakarni.UI.ViewModels.MainViewModel._locationText using [ObservableProperty] will generate code that is not AOT compatible in WinRT scenarios (such as UWP XAML and WinUI 3 apps), and a partial property should be used instead (as it allows the CsWinRT generators to correctly produce the necessary WinRT marshalling code) (https://aka.ms/mvvmtoolkit/errors/mvvmtk0045) [C:\Users\omarr\OneDrive\╪º┘ä┘à╪│╪¬┘å╪»╪º╪¬\Zakarni\Zakarni.UI\Zakarni.UI.csproj]
C:\Users\omarr\OneDrive\╪º┘ä┘à╪│╪¬┘å╪»╪º╪¬\Zakarni\Zakarni.UI\ViewModels\MainViewModel.cs(30,39): warning MVVMTK0045: The field Zakarni.UI.ViewModels.MainViewModel._isSettingsViewVisible using [ObservableProperty] will generate code that is not AOT compatible in WinRT scenarios (such as UWP XAML and WinUI 3 apps), and a partial property should be used instead (as it allows the CsWinRT generators to correctly produce the necessary WinRT marshalling code) (https://aka.ms/mvvmtoolkit/errors/mvvmtk0045) [C:\Users\omarr\OneDrive\╪º┘ä┘à╪│╪¬┘å╪»╪º╪¬\Zakarni\Zakarni.UI\Zakarni.UI.csproj]
C:\Users\omarr\OneDrive\╪º┘ä┘à╪│╪¬┘å╪»╪º╪¬\Zakarni\Zakarni.UI\ViewModels\MainViewModel.cs(29,39): warning MVVMTK0045: The field Zakarni.UI.ViewModels.MainViewModel._isHomeViewVisible using [ObservableProperty] will generate code that is not AOT compatible in WinRT scenarios (such as UWP XAML and WinUI 3 apps), and a partial property should be used instead (as it allows the CsWinRT generators to correctly produce the necessary WinRT marshalling code) (https://aka.ms/mvvmtoolkit/errors/mvvmtk0045) [C:\Users\omarr\OneDrive\╪º┘ä┘à╪│╪¬┘å╪»╪º╪¬\Zakarni\Zakarni.UI\Zakarni.UI.csproj]
C:\Users\omarr\OneDrive\╪º┘ä┘à╪│╪¬┘å╪»╪º╪¬\Zakarni\Zakarni.UI\ViewModels\MainViewModel.cs(36,41): warning MVVMTK0045: The field Zakarni.UI.ViewModels.MainViewModel._currentIslamicDate using [ObservableProperty] will generate code that is not AOT compatible in WinRT scenarios (such as UWP XAML and WinUI 3 apps), and a partial property should be used instead (as it allows the CsWinRT generators to correctly produce the necessary WinRT marshalling code) (https://aka.ms/mvvmtoolkit/errors/mvvmtk0045) [C:\Users\omarr\OneDrive\╪º┘ä┘à╪│╪¬┘å╪»╪º╪¬\Zakarni\Zakarni.UI\Zakarni.UI.csproj]
C:\Users\omarr\OneDrive\╪º┘ä┘à╪│╪¬┘å╪»╪º╪¬\Zakarni\Zakarni.UI\ViewModels\MainViewModel.cs(35,41): warning MVVMTK0045: The field Zakarni.UI.ViewModels.MainViewModel._currentDate using [ObservableProperty] will generate code that is not AOT compatible in WinRT scenarios (such as UWP XAML and WinUI 3 apps), and a partial property should be used instead (as it allows the CsWinRT generators to correctly produce the necessary WinRT marshalling code) (https://aka.ms/mvvmtoolkit/errors/mvvmtk0045) [C:\Users\omarr\OneDrive\╪º┘ä┘à╪│╪¬┘å╪»╪º╪¬\Zakarni\Zakarni.UI\Zakarni.UI.csproj]
C:\Users\omarr\OneDrive\╪º┘ä┘à╪│╪¬┘å╪»╪º╪¬\Zakarni\Zakarni.UI\ViewModels\MainViewModel.cs(34,41): warning MVVMTK0045: The field Zakarni.UI.ViewModels.MainViewModel._currentTime using [ObservableProperty] will generate code that is not AOT compatible in WinRT scenarios (such as UWP XAML and WinUI 3 apps), and a partial property should be used instead (as it allows the CsWinRT generators to correctly produce the necessary WinRT marshalling code) (https://aka.ms/mvvmtoolkit/errors/mvvmtk0045) [C:\Users\omarr\OneDrive\╪º┘ä┘à╪│╪¬┘å╪»╪º╪¬\Zakarni\Zakarni.UI\Zakarni.UI.csproj]
C:\Users\omarr\OneDrive\╪º┘ä┘à╪│╪¬┘å╪»╪º╪¬\Zakarni\Zakarni.UI\ViewModels\MainViewModel.cs(39,41): warning MVVMTK0045: The field Zakarni.UI.ViewModels.MainViewModel._nextPrayerName using [ObservableProperty] will generate code that is not AOT compatible in WinRT scenarios (such as UWP XAML and WinUI 3 apps), and a partial property should be used instead (as it allows the CsWinRT generators to correctly produce the necessary WinRT marshalling code) (https://aka.ms/mvvmtoolkit/errors/mvvmtk0045) [C:\Users\omarr\OneDrive\╪º┘ä┘à╪│╪¬┘å╪»╪º╪¬\Zakarni\Zakarni.UI\Zakarni.UI.csproj]
C:\Users\omarr\OneDrive\╪º┘ä┘à╪│╪¬┘å╪»╪º╪¬\Zakarni\Zakarni.UI\ViewModels\MainViewModel.cs(40,41): warning MVVMTK0045: The field Zakarni.UI.ViewModels.MainViewModel._timeRemaining using [ObservableProperty] will generate code that is not AOT compatible in WinRT scenarios (such as UWP XAML and WinUI 3 apps), and a partial property should be used instead (as it allows the CsWinRT generators to correctly produce the necessary WinRT marshalling code) (https://aka.ms/mvvmtoolkit/errors/mvvmtk0045) [C:\Users\omarr\OneDrive\╪º┘ä┘à╪│╪¬┘å╪»╪º╪¬\Zakarni\Zakarni.UI\Zakarni.UI.csproj]
C:\Users\omarr\OneDrive\╪º┘ä┘à╪│╪¬┘å╪»╪º╪¬\Zakarni\Zakarni.UI\ViewModels\MainViewModel.cs(41,41): warning MVVMTK0045: The field Zakarni.UI.ViewModels.MainViewModel._statusText using [ObservableProperty] will generate code that is not AOT compatible in WinRT scenarios (such as UWP XAML and WinUI 3 apps), and a partial property should be used instead (as it allows the CsWinRT generators to correctly produce the necessary WinRT marshalling code) (https://aka.ms/mvvmtoolkit/errors/mvvmtk0045) [C:\Users\omarr\OneDrive\╪º┘ä┘à╪│╪¬┘å╪»╪º╪¬\Zakarni\Zakarni.UI\Zakarni.UI.csproj]
C:\Users\omarr\OneDrive\╪º┘ä┘à╪│╪¬┘å╪»╪º╪¬\Zakarni\Zakarni.UI\ViewModels\MainViewModel.cs(42,39): warning MVVMTK0045: The field Zakarni.UI.ViewModels.MainViewModel._isApproaching using [ObservableProperty] will generate code that is not AOT compatible in WinRT scenarios (such as UWP XAML and WinUI 3 apps), and a partial property should be used instead (as it allows the CsWinRT generators to correctly produce the necessary WinRT marshalling code) (https://aka.ms/mvvmtoolkit/errors/mvvmtk0045) [C:\Users\omarr\OneDrive\╪º┘ä┘à╪│╪¬┘å╪»╪º╪¬\Zakarni\Zakarni.UI\Zakarni.UI.csproj]
C:\Users\omarr\OneDrive\╪º┘ä┘à╪│╪¬┘å╪»╪º╪¬\Zakarni\Zakarni.UI\ViewModels\MainViewModel.cs(43,41): warning MVVMTK0045: The field Zakarni.UI.ViewModels.MainViewModel._heroProgressValue using [ObservableProperty] will generate code that is not AOT compatible in WinRT scenarios (such as UWP XAML and WinUI 3 apps), and a partial property should be used instead (as it allows the CsWinRT generators to correctly produce the necessary WinRT marshalling code) (https://aka.ms/mvvmtoolkit/errors/mvvmtk0045) [C:\Users\omarr\OneDrive\╪º┘ä┘à╪│╪¬┘å╪»╪º╪¬\Zakarni\Zakarni.UI\Zakarni.UI.csproj]
C:\Users\omarr\OneDrive\╪º┘ä┘à╪│╪¬┘å╪»╪º╪¬\Zakarni\Zakarni.UI\ViewModels\MainViewModel.cs(44,41): warning MVVMTK0045: The field Zakarni.UI.ViewModels.MainViewModel._heroProgressMax using [ObservableProperty] will generate code that is not AOT compatible in WinRT scenarios (such as UWP XAML and WinUI 3 apps), and a partial property should be used instead (as it allows the CsWinRT generators to correctly produce the necessary WinRT marshalling code) (https://aka.ms/mvvmtoolkit/errors/mvvmtk0045) [C:\Users\omarr\OneDrive\╪º┘ä┘à╪│╪¬┘å╪»╪º╪¬\Zakarni\Zakarni.UI\Zakarni.UI.csproj]
C:\Users\omarr\OneDrive\╪º┘ä┘à╪│╪¬┘å╪»╪º╪¬\Zakarni\Zakarni.UI\ViewModels\MainViewModel.cs(47,41): warning MVVMTK0045: The field Zakarni.UI.ViewModels.MainViewModel._fajrTime using [ObservableProperty] will generate code that is not AOT compatible in WinRT scenarios (such as UWP XAML and WinUI 3 apps), and a partial property should be used instead (as it allows the CsWinRT generators to correctly produce the necessary WinRT marshalling code) (https://aka.ms/mvvmtoolkit/errors/mvvmtk0045) [C:\Users\omarr\OneDrive\╪º┘ä┘à╪│╪¬┘å╪»╪º╪¬\Zakarni\Zakarni.UI\Zakarni.UI.csproj]
C:\Users\omarr\OneDrive\╪º┘ä┘à╪│╪¬┘å╪»╪º╪¬\Zakarni\Zakarni.UI\ViewModels\MainViewModel.cs(48,41): warning MVVMTK0045: The field Zakarni.UI.ViewModels.MainViewModel._sunriseTime using [ObservableProperty] will generate code that is not AOT compatible in WinRT scenarios (such as UWP XAML and WinUI 3 apps), and a partial property should be used instead (as it allows the CsWinRT generators to correctly produce the necessary WinRT marshalling code) (https://aka.ms/mvvmtoolkit/errors/mvvmtk0045) [C:\Users\omarr\OneDrive\╪º┘ä┘à╪│╪¬┘å╪»╪º╪¬\Zakarni\Zakarni.UI\Zakarni.UI.csproj]
C:\Users\omarr\OneDrive\╪º┘ä┘à╪│╪¬┘å╪»╪º╪¬\Zakarni\Zakarni.UI\ViewModels\MainViewModel.cs(49,41): warning MVVMTK0045: The field Zakarni.UI.ViewModels.MainViewModel._dhuhrTime using [ObservableProperty] will generate code that is not AOT compatible in WinRT scenarios (such as UWP XAML and WinUI 3 apps), and a partial property should be used instead (as it allows the CsWinRT generators to correctly produce the necessary WinRT marshalling code) (https://aka.ms/mvvmtoolkit/errors/mvvmtk0045) [C:\Users\omarr\OneDrive\╪º┘ä┘à╪│╪¬┘å╪»╪º╪¬\Zakarni\Zakarni.UI\Zakarni.UI.csproj]
C:\Users\omarr\OneDrive\╪º┘ä┘à╪│╪¬┘å╪»╪º╪¬\Zakarni\Zakarni.UI\ViewModels\MainViewModel.cs(50,41): warning MVVMTK0045: The field Zakarni.UI.ViewModels.MainViewModel._asrTime using [ObservableProperty] will generate code that is not AOT compatible in WinRT scenarios (such as UWP XAML and WinUI 3 apps), and a partial property should be used instead (as it allows the CsWinRT generators to correctly produce the necessary WinRT marshalling code) (https://aka.ms/mvvmtoolkit/errors/mvvmtk0045) [C:\Users\omarr\OneDrive\╪º┘ä┘à╪│╪¬┘å╪»╪º╪¬\Zakarni\Zakarni.UI\Zakarni.UI.csproj]
C:\Users\omarr\OneDrive\╪º┘ä┘à╪│╪¬┘å╪»╪º╪¬\Zakarni\Zakarni.UI\ViewModels\MainViewModel.cs(51,41): warning MVVMTK0045: The field Zakarni.UI.ViewModels.MainViewModel._maghribTime using [ObservableProperty] will generate code that is not AOT compatible in WinRT scenarios (such as UWP XAML and WinUI 3 apps), and a partial property should be used instead (as it allows the CsWinRT generators to correctly produce the necessary WinRT marshalling code) (https://aka.ms/mvvmtoolkit/errors/mvvmtk0045) [C:\Users\omarr\OneDrive\╪º┘ä┘à╪│╪¬┘å╪»╪º╪¬\Zakarni\Zakarni.UI\Zakarni.UI.csproj]
C:\Users\omarr\OneDrive\╪º┘ä┘à╪│╪¬┘å╪»╪º╪¬\Zakarni\Zakarni.UI\ViewModels\MainViewModel.cs(52,41): warning MVVMTK0045: The field Zakarni.UI.ViewModels.MainViewModel._ishaTime using [ObservableProperty] will generate code that is not AOT compatible in WinRT scenarios (such as UWP XAML and WinUI 3 apps), and a partial property should be used instead (as it allows the CsWinRT generators to correctly produce the necessary WinRT marshalling code) (https://aka.ms/mvvmtoolkit/errors/mvvmtk0045) [C:\Users\omarr\OneDrive\╪º┘ä┘à╪│╪¬┘å╪»╪º╪¬\Zakarni\Zakarni.UI\Zakarni.UI.csproj]
C:\Users\omarr\OneDrive\╪º┘ä┘à╪│╪¬┘å╪»╪º╪¬\Zakarni\Zakarni.UI\ViewModels\MainViewModel.cs(55,41): warning MVVMTK0045: The field Zakarni.UI.ViewModels.MainViewModel._fajrText using [ObservableProperty] will generate code that is not AOT compatible in WinRT scenarios (such as UWP XAML and WinUI 3 apps), and a partial property should be used instead (as it allows the CsWinRT generators to correctly produce the necessary WinRT marshalling code) (https://aka.ms/mvvmtoolkit/errors/mvvmtk0045) [C:\Users\omarr\OneDrive\╪º┘ä┘à╪│╪¬┘å╪»╪º╪¬\Zakarni\Zakarni.UI\Zakarni.UI.csproj]
C:\Users\omarr\OneDrive\╪º┘ä┘à╪│╪¬┘å╪»╪º╪¬\Zakarni\Zakarni.UI\ViewModels\MainViewModel.cs(56,41): warning MVVMTK0045: The field Zakarni.UI.ViewModels.MainViewModel._sunriseText using [ObservableProperty] will generate code that is not AOT compatible in WinRT scenarios (such as UWP XAML and WinUI 3 apps), and a partial property should be used instead (as it allows the CsWinRT generators to correctly produce the necessary WinRT marshalling code) (https://aka.ms/mvvmtoolkit/errors/mvvmtk0045) [C:\Users\omarr\OneDrive\╪º┘ä┘à╪│╪¬┘å╪»╪º╪¬\Zakarni\Zakarni.UI\Zakarni.UI.csproj]
C:\Users\omarr\OneDrive\╪º┘ä┘à╪│╪¬┘å╪»╪º╪¬\Zakarni\Zakarni.UI\ViewModels\MainViewModel.cs(57,41): warning MVVMTK0045: The field Zakarni.UI.ViewModels.MainViewModel._dhuhrText using [ObservableProperty] will generate code that is not AOT compatible in WinRT scenarios (such as UWP XAML and WinUI 3 apps), and a partial property should be used instead (as it allows the CsWinRT generators to correctly produce the necessary WinRT marshalling code) (https://aka.ms/mvvmtoolkit/errors/mvvmtk0045) [C:\Users\omarr\OneDrive\╪º┘ä┘à╪│╪¬┘å╪»╪º╪¬\Zakarni\Zakarni.UI\Zakarni.UI.csproj]
C:\Users\omarr\OneDrive\╪º┘ä┘à╪│╪¬┘å╪»╪º╪¬\Zakarni\Zakarni.UI\ViewModels\MainViewModel.cs(58,41): warning MVVMTK0045: The field Zakarni.UI.ViewModels.MainViewModel._asrText using [ObservableProperty] will generate code that is not AOT compatible in WinRT scenarios (such as UWP XAML and WinUI 3 apps), and a partial property should be used instead (as it allows the CsWinRT generators to correctly produce the necessary WinRT marshalling code) (https://aka.ms/mvvmtoolkit/errors/mvvmtk0045) [C:\Users\omarr\OneDrive\╪º┘ä┘à╪│╪¬┘å╪»╪º╪¬\Zakarni\Zakarni.UI\Zakarni.UI.csproj]
C:\Users\omarr\OneDrive\╪º┘ä┘à╪│╪¬┘å╪»╪º╪¬\Zakarni\Zakarni.UI\ViewModels\MainViewModel.cs(59,41): warning MVVMTK0045: The field Zakarni.UI.ViewModels.MainViewModel._maghribText using [ObservableProperty] will generate code that is not AOT compatible in WinRT scenarios (such as UWP XAML and WinUI 3 apps), and a partial property should be used instead (as it allows the CsWinRT generators to correctly produce the necessary WinRT marshalling code) (https://aka.ms/mvvmtoolkit/errors/mvvmtk0045) [C:\Users\omarr\OneDrive\╪º┘ä┘à╪│╪¬┘å╪»╪º╪¬\Zakarni\Zakarni.UI\Zakarni.UI.csproj]
C:\Users\omarr\OneDrive\╪º┘ä┘à╪│╪¬┘å╪»╪º╪¬\Zakarni\Zakarni.UI\ViewModels\MainViewModel.cs(60,41): warning MVVMTK0045: The field Zakarni.UI.ViewModels.MainViewModel._ishaText using [ObservableProperty] will generate code that is not AOT compatible in WinRT scenarios (such as UWP XAML and WinUI 3 apps), and a partial property should be used instead (as it allows the CsWinRT generators to correctly produce the necessary WinRT marshalling code) (https://aka.ms/mvvmtoolkit/errors/mvvmtk0045) [C:\Users\omarr\OneDrive\╪º┘ä┘à╪│╪¬┘å╪»╪º╪¬\Zakarni\Zakarni.UI\Zakarni.UI.csproj]
C:\Users\omarr\OneDrive\╪º┘ä┘à╪│╪¬┘å╪»╪º╪¬\Zakarni\Zakarni.UI\ViewModels\MainViewModel.cs(63,41): warning MVVMTK0045: The field Zakarni.UI.ViewModels.MainViewModel._activePrayer using [ObservableProperty] will generate code that is not AOT compatible in WinRT scenarios (such as UWP XAML and WinUI 3 apps), and a partial property should be used instead (as it allows the CsWinRT generators to correctly produce the necessary WinRT marshalling code) (https://aka.ms/mvvmtoolkit/errors/mvvmtk0045) [C:\Users\omarr\OneDrive\╪º┘ä┘à╪│╪¬┘å╪»╪º╪¬\Zakarni\Zakarni.UI\Zakarni.UI.csproj]
C:\Users\omarr\OneDrive\╪º┘ä┘à╪│╪¬┘å╪»╪º╪¬\Zakarni\Zakarni.UI\ViewModels\MainViewModel.cs(65,39): warning MVVMTK0045: The field Zakarni.UI.ViewModels.MainViewModel._isFajrActive using [ObservableProperty] will generate code that is not AOT compatible in WinRT scenarios (such as UWP XAML and WinUI 3 apps), and a partial property should be used instead (as it allows the CsWinRT generators to correctly produce the necessary WinRT marshalling code) (https://aka.ms/mvvmtoolkit/errors/mvvmtk0045) [C:\Users\omarr\OneDrive\╪º┘ä┘à╪│╪¬┘å╪»╪º╪¬\Zakarni\Zakarni.UI\Zakarni.UI.csproj]
C:\Users\omarr\OneDrive\╪º┘ä┘à╪│╪¬┘å╪»╪º╪¬\Zakarni\Zakarni.UI\ViewModels\MainViewModel.cs(66,39): warning MVVMTK0045: The field Zakarni.UI.ViewModels.MainViewModel._isSunriseActive using [ObservableProperty] will generate code that is not AOT compatible in WinRT scenarios (such as UWP XAML and WinUI 3 apps), and a partial property should be used instead (as it allows the CsWinRT generators to correctly produce the necessary WinRT marshalling code) (https://aka.ms/mvvmtoolkit/errors/mvvmtk0045) [C:\Users\omarr\OneDrive\╪º┘ä┘à╪│╪¬┘å╪»╪º╪¬\Zakarni\Zakarni.UI\Zakarni.UI.csproj]
C:\Users\omarr\OneDrive\╪º┘ä┘à╪│╪¬┘å╪»╪º╪¬\Zakarni\Zakarni.UI\ViewModels\MainViewModel.cs(68,39): warning MVVMTK0045: The field Zakarni.UI.ViewModels.MainViewModel._isAsrActive using [ObservableProperty] will generate code that is not AOT compatible in WinRT scenarios (such as UWP XAML and WinUI 3 apps), and a partial property should be used instead (as it allows the CsWinRT generators to correctly produce the necessary WinRT marshalling code) (https://aka.ms/mvvmtoolkit/errors/mvvmtk0045) [C:\Users\omarr\OneDrive\╪º┘ä┘à╪│╪¬┘å╪»╪º╪¬\Zakarni\Zakarni.UI\Zakarni.UI.csproj]
C:\Users\omarr\OneDrive\╪º┘ä┘à╪│╪¬┘å╪»╪º╪¬\Zakarni\Zakarni.UI\ViewModels\MainViewModel.cs(69,39): warning MVVMTK0045: The field Zakarni.UI.ViewModels.MainViewModel._isMaghribActive using [ObservableProperty] will generate code that is not AOT compatible in WinRT scenarios (such as UWP XAML and WinUI 3 apps), and a partial property should be used instead (as it allows the CsWinRT generators to correctly produce the necessary WinRT marshalling code) (https://aka.ms/mvvmtoolkit/errors/mvvmtk0045) [C:\Users\omarr\OneDrive\╪º┘ä┘à╪│╪¬┘å╪»╪º╪¬\Zakarni\Zakarni.UI\Zakarni.UI.csproj]
C:\Users\omarr\OneDrive\╪º┘ä┘à╪│╪¬┘å╪»╪º╪¬\Zakarni\Zakarni.UI\ViewModels\MainViewModel.cs(70,39): warning MVVMTK0045: The field Zakarni.UI.ViewModels.MainViewModel._isIshaActive using [ObservableProperty] will generate code that is not AOT compatible in WinRT scenarios (such as UWP XAML and WinUI 3 apps), and a partial property should be used instead (as it allows the CsWinRT generators to correctly produce the necessary WinRT marshalling code) (https://aka.ms/mvvmtoolkit/errors/mvvmtk0045) [C:\Users\omarr\OneDrive\╪º┘ä┘à╪│╪¬┘å╪»╪º╪¬\Zakarni\Zakarni.UI\Zakarni.UI.csproj]
C:\Users\omarr\OneDrive\╪º┘ä┘à╪│╪¬┘å╪»╪º╪¬\Zakarni\Zakarni.UI\ViewModels\MainViewModel.cs(67,39): warning MVVMTK0045: The field Zakarni.UI.ViewModels.MainViewModel._isDhuhrActive using [ObservableProperty] will generate code that is not AOT compatible in WinRT scenarios (such as UWP XAML and WinUI 3 apps), and a partial property should be used instead (as it allows the CsWinRT generators to correctly produce the necessary WinRT marshalling code) (https://aka.ms/mvvmtoolkit/errors/mvvmtk0045) [C:\Users\omarr\OneDrive\╪º┘ä┘à╪│╪¬┘å╪»╪º╪¬\Zakarni\Zakarni.UI\Zakarni.UI.csproj]
C:\Users\omarr\OneDrive\╪º┘ä┘à╪│╪¬┘å╪»╪º╪¬\Zakarni\Zakarni.UI\ViewModels\MainViewModel.cs(73,39): warning MVVMTK0045: The field Zakarni.UI.ViewModels.MainViewModel._isOffline using [ObservableProperty] will generate code that is not AOT compatible in WinRT scenarios (such as UWP XAML and WinUI 3 apps), and a partial property should be used instead (as it allows the CsWinRT generators to correctly produce the necessary WinRT marshalling code) (https://aka.ms/mvvmtoolkit/errors/mvvmtk0045) [C:\Users\omarr\OneDrive\╪º┘ä┘à╪│╪¬┘å╪»╪º╪¬\Zakarni\Zakarni.UI\Zakarni.UI.csproj]
    46 Warning(s)
    0 Error(s)

Time Elapsed 00:01:15.87
